Metric	Value
num_sequencing_reads	472660.0
num_enh	1177.0
num_genes	311.0
num_enh_gene_links	1214.0
num_genes_with_1_enh_min	311.0
mean_num_genes_per_enh	1.0314358538657604
mean_num_enh_per_gene	3.9035369774919615
mean_num_enh_per_gene_no_prom	6.020689655172414
mean_log10_dist_to_tss	3.9900375524959513
mean_enh_region_size	769.9277824978759
